// Jest Snapshot v1, https://goo.gl/fbAQLP

exports[`Header snapshot test should render header unchanged 1`] = `
<div>
  <nav
    class="header-container MuiBox-root css-0"
  >
    <div
      class="MuiContainer-root MuiContainer-maxWidthLg header css-1oqqzyl-MuiContainer-root"
    >
      <div
        class="header__icon-wrapper MuiBox-root css-0"
      >
        <a
          aria-label="Home"
          class="MuiTypography-root MuiTypography-inherit MuiLink-root MuiLink-underlineAlways header__logo-container css-1xylxj1-MuiTypography-root-MuiLink-root"
          href="/"
        >
          <img
            alt="Code for BC Logo"
            class="header__logo"
            data-nimg="1"
            decoding="async"
            fetchpriority="high"
            height="76"
            src="/assets/codeforbc-logo.svg"
            style="color: transparent;"
            width="84"
          />
        </a>
        <button
          aria-label="Open Menu"
          class="MuiButtonBase-root MuiIconButton-root MuiIconButton-sizeMedium header__menu-icon-container css-78trlr-MuiButtonBase-root-MuiIconButton-root"
          tabindex="0"
          type="button"
        >
          <svg
            aria-hidden="true"
            class="MuiSvgIcon-root MuiSvgIcon-fontSizeMedium header__menu-icon css-i4bv87-MuiSvgIcon-root"
            data-testid="MenuIcon"
            focusable="false"
            viewBox="0 0 24 24"
          >
            <path
              d="M3 18h18v-2H3zm0-5h18v-2H3zm0-7v2h18V6z"
            />
          </svg>
          <span
            class="MuiTouchRipple-root css-8je8zh-MuiTouchRipple-root"
          />
        </button>
      </div>
      <div
        class="header__navbar-container header__navbar-container--close MuiBox-root css-0"
      >
        <ul
          class="header__navbar"
        >
          <li
            class="header__navbar-item"
          >
            <a
              class="header__navbar-link "
              href="/projects"
            >
              Our Projects
            </a>
          </li>
          <li
            class="header__navbar-item"
          >
            <a
              class="header__navbar-link "
              href="/our-team"
            >
              Meet Our Team
            </a>
          </li>
          <li
            class="header__navbar-item"
          >
            <a
              class="header__navbar-link "
              href="/about-us"
            >
              About Us & Get Engaged
            </a>
          </li>
        </ul>
      </div>
    </div>
  </nav>
</div>
`;
